c:\users\the_h\documents\purdue hw\cs 535\a0_rhage\assignment0\pixelsorting\pixelsorting\x64\release\vc143.pdb
c:\users\the_h\documents\purdue hw\cs 535\a0_rhage\assignment0\pixelsorting\pixelsorting\x64\release\gl_core_3_3.obj
c:\users\the_h\documents\purdue hw\cs 535\a0_rhage\assignment0\pixelsorting\pixelsorting\x64\release\util.obj
c:\users\the_h\documents\purdue hw\cs 535\a0_rhage\assignment0\pixelsorting\pixelsorting\x64\release\pixelsorter.obj
c:\users\the_h\documents\purdue hw\cs 535\a0_rhage\assignment0\pixelsorting\pixelsorting\x64\release\mesh.obj
c:\users\the_h\documents\purdue hw\cs 535\a0_rhage\assignment0\pixelsorting\pixelsorting\x64\release\main.obj
c:\users\the_h\documents\purdue hw\cs 535\a0_rhage\assignment0\pixelsorting\pixelsorting\x64\release\imgui_widgets.obj
c:\users\the_h\documents\purdue hw\cs 535\a0_rhage\assignment0\pixelsorting\pixelsorting\x64\release\imgui_tables.obj
c:\users\the_h\documents\purdue hw\cs 535\a0_rhage\assignment0\pixelsorting\pixelsorting\x64\release\imgui_impl_opengl3.obj
c:\users\the_h\documents\purdue hw\cs 535\a0_rhage\assignment0\pixelsorting\pixelsorting\x64\release\imgui_impl_glut.obj
c:\users\the_h\documents\purdue hw\cs 535\a0_rhage\assignment0\pixelsorting\pixelsorting\x64\release\imgui_draw.obj
c:\users\the_h\documents\purdue hw\cs 535\a0_rhage\assignment0\pixelsorting\pixelsorting\x64\release\imgui_demo.obj
c:\users\the_h\documents\purdue hw\cs 535\a0_rhage\assignment0\pixelsorting\pixelsorting\x64\release\imgui.obj
c:\users\the_h\documents\purdue hw\cs 535\a0_rhage\assignment0\pixelsorting\x64\release\pixelsorting.exe
c:\users\the_h\documents\purdue hw\cs 535\a0_rhage\assignment0\pixelsorting\x64\release\pixelsorting.pdb
c:\users\the_h\documents\purdue hw\cs 535\a0_rhage\assignment0\pixelsorting\pixelsorting\x64\release\pixelsorting.ipdb
c:\users\the_h\documents\purdue hw\cs 535\a0_rhage\assignment0\pixelsorting\pixelsorting\x64\release\pixelsorting.iobj
c:\users\the_h\documents\purdue hw\cs 535\a0_rhage\assignment0\pixelsorting\pixelsorting\x64\release\pixelsorting.tlog\cl.command.1.tlog
c:\users\the_h\documents\purdue hw\cs 535\a0_rhage\assignment0\pixelsorting\pixelsorting\x64\release\pixelsorting.tlog\cl.items.tlog
c:\users\the_h\documents\purdue hw\cs 535\a0_rhage\assignment0\pixelsorting\pixelsorting\x64\release\pixelsorting.tlog\cl.read.1.tlog
c:\users\the_h\documents\purdue hw\cs 535\a0_rhage\assignment0\pixelsorting\pixelsorting\x64\release\pixelsorting.tlog\cl.write.1.tlog
c:\users\the_h\documents\purdue hw\cs 535\a0_rhage\assignment0\pixelsorting\pixelsorting\x64\release\pixelsorting.tlog\link.command.1.tlog
c:\users\the_h\documents\purdue hw\cs 535\a0_rhage\assignment0\pixelsorting\pixelsorting\x64\release\pixelsorting.tlog\link.read.1.tlog
c:\users\the_h\documents\purdue hw\cs 535\a0_rhage\assignment0\pixelsorting\pixelsorting\x64\release\pixelsorting.tlog\link.secondary.1.tlog
c:\users\the_h\documents\purdue hw\cs 535\a0_rhage\assignment0\pixelsorting\pixelsorting\x64\release\pixelsorting.tlog\link.write.1.tlog
